.. _thermo-python-shell:

Python skelin
=============

**Hvað er Python?**

*Python er skriftu-mál (scripting language) hannað af Guido van Rossum árið 1991. Það sem einkennir Python er auðlesanlegur kóði og málskipan sem gerir notendum kleift að skrifa einfaldari kóða en notaður er t.d. í Java/C++. Python passar vel upp á notkun minnis og er duglegt að fara út með ruslið.*

**PEP20**
Fallegt er betra en ljótt
Skýrt er betra en óljóst
Einfalt er betra en flókið
Flókið er betra er ruglingslegt
Lesanleiki skiptir máli

*Opna Terminal*

Fariði í forritið *Terminal* og skrifið:

.. code-block:: bash

    $ python3

    Python 3.4.1 (v3.4.1:c0e311e010fc, May 18 2014, 00:54:21) 
    [GCC 4.2.1 (Apple Inc. build 5666) (dot 3)] on darwin
    Type "help", "copyright", "credits" or "license" for more information.
    >>>

Nú eruði kominn í Python skelina. Allur Python kóði sem þið skrifið verður túlkaður um leið. 

**Heilar tölur**

>>> 8
8

>>> 1 + 1
2

>>> 5 * 9
45

**Texti**

>>> 'þetta er texti'
þetta er texti

>>> 'þetta' + ' er ' + 'texti'
þetta er texti

**Texti og tölur**

Hvað ef við notum tölur og texta saman?

>>> 5 + "9"
TracebackError

Við fáum villu.

